<?xml version="1.0" encoding="UTF-8"?>
<testsuites name="jest tests" tests="1" failures="0" errors="0" time="8.865">
  <testsuite name="undefined" errors="0" failures="0" skipped="0" timestamp="2025-10-16T15:14:44" time="7.975" tests="1">
    <testcase classname=" adds numbers correctly" name=" adds numbers correctly" time="0.013">
    </testcase>
  </testsuite>
</testsuites>